
> aluminify@0.1.1 typecheck
> tsc -p tsconfig.json --noEmit

app/[tenant]/(modules)/usuario/services/student.repository.ts(697,7): error TS2322: Type 'string | null' is not assignable to type 'string | undefined'.
  Type 'null' is not assignable to type 'string | undefined'.
app/api/auth/signup-with-empresa/route.ts(158,8): error TS2769: No overload matches this call.
  Overload 1 of 2, '(values: { ativo?: boolean | undefined; created_at?: string | undefined; deleted_at?: string | null | undefined; empresa_id: string; id?: string | undefined; is_admin?: boolean | undefined; ... 4 more ...; usuario_id: string; }, options?: { ...; } | undefined): PostgrestFilterBuilder<...>', gave the following error.
    Argument of type '{ empresa_id: string; usuario_id: string; is_owner: true; is_admin: true; ativo: true; }' is not assignable to parameter of type '{ ativo?: boolean | undefined; created_at?: string | undefined; deleted_at?: string | null | undefined; empresa_id: string; id?: string | undefined; is_admin?: boolean | undefined; is_owner?: boolean | undefined; papel_base: "aluno" | ... 1 more ... | "usuario"; papel_id?: string | ... 1 more ... | undefined; update...'.
      Property 'papel_base' is missing in type '{ empresa_id: string; usuario_id: string; is_owner: true; is_admin: true; ativo: true; }' but required in type '{ ativo?: boolean | undefined; created_at?: string | undefined; deleted_at?: string | null | undefined; empresa_id: string; id?: string | undefined; is_admin?: boolean | undefined; is_owner?: boolean | undefined; papel_base: "aluno" | ... 1 more ... | "usuario"; papel_id?: string | ... 1 more ... | undefined; update...'.
  Overload 2 of 2, '(values: { ativo?: boolean | undefined; created_at?: string | undefined; deleted_at?: string | null | undefined; empresa_id: string; id?: string | undefined; is_admin?: boolean | undefined; ... 4 more ...; usuario_id: string; }[], options?: { ...; } | undefined): PostgrestFilterBuilder<...>', gave the following error.
    Object literal may only specify known properties, and 'empresa_id' does not exist in type '{ ativo?: boolean | undefined; created_at?: string | undefined; deleted_at?: string | null | undefined; empresa_id: string; id?: string | undefined; is_admin?: boolean | undefined; is_owner?: boolean | undefined; papel_base: "aluno" | ... 1 more ... | "usuario"; papel_id?: string | ... 1 more ... | undefined; update...'.
app/api/empresa/[id]/admins/[userId]/route.ts(31,13): error TS2769: No overload matches this call.
  Overload 1 of 2, '(relation: "agendamento_bloqueios" | "empresas" | "agendamento_configuracoes" | "agendamento_disponibilidade" | "agendamento_notificacoes" | "agendamentos" | "agendamento_recorrencia" | ... 43 more ... | "usuarios_empresas"): PostgrestQueryBuilder<...>', gave the following error.
    Argument of type '"empresa_admins"' is not assignable to parameter of type '"agendamento_bloqueios" | "empresas" | "agendamento_configuracoes" | "agendamento_disponibilidade" | "agendamento_notificacoes" | "agendamentos" | "agendamento_recorrencia" | ... 43 more ... | "usuarios_empresas"'.
  Overload 2 of 2, '(relation: never): PostgrestQueryBuilder<{ PostgrestVersion: "13.0.5"; }, { Tables: { agendamento_bloqueios: { Row: { created_at: string; criado_por: string; data_fim: string; data_inicio: string; empresa_id: string; ... 4 more ...; updated_at: string; }; Insert: { ...; }; Update: { ...; }; Relationships: [...]; }; ... 49 more ...; usuarios_empresas: { ...; }; }; Views: {}; Functions: { ...; }; Enums: { ...; }; CompositeTypes: {}; }, never, never, never>', gave the following error.
    Argument of type '"empresa_admins"' is not assignable to parameter of type 'never'.
app/api/empresa/[id]/admins/[userId]/route.ts(37,58): error TS2339: Property 'is_owner' does not exist on type 'SelectQueryError<"column 'is_owner' does not exist on 'agendamento_bloqueios'."> | SelectQueryError<"column 'is_owner' does not exist on 'empresas'."> | ... 48 more ... | SelectQueryError<...>'.
  Property 'is_owner' does not exist on type 'SelectQueryError<"column 'is_owner' does not exist on 'agendamento_bloqueios'.">'.
app/api/empresa/[id]/admins/[userId]/route.ts(47,15): error TS2769: No overload matches this call.
  Overload 1 of 2, '(relation: "agendamento_bloqueios" | "empresas" | "agendamento_configuracoes" | "agendamento_disponibilidade" | "agendamento_notificacoes" | "agendamentos" | "agendamento_recorrencia" | ... 43 more ... | "usuarios_empresas"): PostgrestQueryBuilder<...>', gave the following error.
    Argument of type '"empresa_admins"' is not assignable to parameter of type '"agendamento_bloqueios" | "empresas" | "agendamento_configuracoes" | "agendamento_disponibilidade" | "agendamento_notificacoes" | "agendamentos" | "agendamento_recorrencia" | ... 43 more ... | "usuarios_empresas"'.
  Overload 2 of 2, '(relation: never): PostgrestQueryBuilder<{ PostgrestVersion: "13.0.5"; }, { Tables: { agendamento_bloqueios: { Row: { created_at: string; criado_por: string; data_fim: string; data_inicio: string; empresa_id: string; ... 4 more ...; updated_at: string; }; Insert: { ...; }; Update: { ...; }; Relationships: [...]; }; ... 49 more ...; usuarios_empresas: { ...; }; }; Views: {}; Functions: { ...; }; Enums: { ...; }; CompositeTypes: {}; }, never, never, never>', gave the following error.
    Argument of type '"empresa_admins"' is not assignable to parameter of type 'never'.
app/api/empresa/[id]/admins/[userId]/route.ts(52,54): error TS2339: Property 'user_id' does not exist on type 'SelectQueryError<"column 'user_id' does not exist on 'agendamento_bloqueios'."> | SelectQueryError<"column 'user_id' does not exist on 'empresas'."> | ... 48 more ... | SelectQueryError<...>'.
  Property 'user_id' does not exist on type 'SelectQueryError<"column 'user_id' does not exist on 'agendamento_bloqueios'.">'.
app/api/empresa/[id]/admins/[userId]/route.ts(62,13): error TS2769: No overload matches this call.
  Overload 1 of 2, '(relation: "agendamento_bloqueios" | "empresas" | "agendamento_configuracoes" | "agendamento_disponibilidade" | "agendamento_notificacoes" | "agendamentos" | "agendamento_recorrencia" | ... 43 more ... | "usuarios_empresas"): PostgrestQueryBuilder<...>', gave the following error.
    Argument of type '"empresa_admins"' is not assignable to parameter of type '"agendamento_bloqueios" | "empresas" | "agendamento_configuracoes" | "agendamento_disponibilidade" | "agendamento_notificacoes" | "agendamentos" | "agendamento_recorrencia" | ... 43 more ... | "usuarios_empresas"'.
  Overload 2 of 2, '(relation: never): PostgrestQueryBuilder<{ PostgrestVersion: "13.0.5"; }, { Tables: { agendamento_bloqueios: { Row: { created_at: string; criado_por: string; data_fim: string; data_inicio: string; empresa_id: string; ... 4 more ...; updated_at: string; }; Insert: { ...; }; Update: { ...; }; Relationships: [...]; }; ... 49 more ...; usuarios_empresas: { ...; }; }; Views: {}; Functions: { ...; }; Enums: { ...; }; CompositeTypes: {}; }, never, never, never>', gave the following error.
    Argument of type '"empresa_admins"' is not assignable to parameter of type 'never'.
app/api/empresa/[id]/admins/route.ts(116,8): error TS2769: No overload matches this call.
  Overload 1 of 2, '(values: { ativo?: boolean | undefined; created_at?: string | undefined; deleted_at?: string | null | undefined; empresa_id: string; id?: string | undefined; is_admin?: boolean | undefined; ... 4 more ...; usuario_id: string; }, options?: { ...; } | undefined): PostgrestFilterBuilder<...>', gave the following error.
    Argument of type '{ empresa_id: string; usuario_id: any; is_owner: false; is_admin: true; ativo: true; }' is not assignable to parameter of type '{ ativo?: boolean | undefined; created_at?: string | undefined; deleted_at?: string | null | undefined; empresa_id: string; id?: string | undefined; is_admin?: boolean | undefined; is_owner?: boolean | undefined; papel_base: "aluno" | ... 1 more ... | "usuario"; papel_id?: string | ... 1 more ... | undefined; update...'.
      Property 'papel_base' is missing in type '{ empresa_id: string; usuario_id: any; is_owner: false; is_admin: true; ativo: true; }' but required in type '{ ativo?: boolean | undefined; created_at?: string | undefined; deleted_at?: string | null | undefined; empresa_id: string; id?: string | undefined; is_admin?: boolean | undefined; is_owner?: boolean | undefined; papel_base: "aluno" | ... 1 more ... | "usuario"; papel_id?: string | ... 1 more ... | undefined; update...'.
  Overload 2 of 2, '(values: { ativo?: boolean | undefined; created_at?: string | undefined; deleted_at?: string | null | undefined; empresa_id: string; id?: string | undefined; is_admin?: boolean | undefined; ... 4 more ...; usuario_id: string; }[], options?: { ...; } | undefined): PostgrestFilterBuilder<...>', gave the following error.
    Object literal may only specify known properties, and 'empresa_id' does not exist in type '{ ativo?: boolean | undefined; created_at?: string | undefined; deleted_at?: string | null | undefined; empresa_id: string; id?: string | undefined; is_admin?: boolean | undefined; is_owner?: boolean | undefined; papel_base: "aluno" | ... 1 more ... | "usuario"; papel_id?: string | ... 1 more ... | undefined; update...'.
app/api/empresa/self/route.ts(122,8): error TS2769: No overload matches this call.
  Overload 1 of 2, '(values: { ativo?: boolean | undefined; created_at?: string | undefined; deleted_at?: string | null | undefined; empresa_id: string; id?: string | undefined; is_admin?: boolean | undefined; ... 4 more ...; usuario_id: string; }, options?: { ...; } | undefined): PostgrestFilterBuilder<...>', gave the following error.
    Argument of type '{ empresa_id: string; usuario_id: string; is_owner: true; is_admin: true; ativo: true; }' is not assignable to parameter of type '{ ativo?: boolean | undefined; created_at?: string | undefined; deleted_at?: string | null | undefined; empresa_id: string; id?: string | undefined; is_admin?: boolean | undefined; is_owner?: boolean | undefined; papel_base: "aluno" | ... 1 more ... | "usuario"; papel_id?: string | ... 1 more ... | undefined; update...'.
      Property 'papel_base' is missing in type '{ empresa_id: string; usuario_id: string; is_owner: true; is_admin: true; ativo: true; }' but required in type '{ ativo?: boolean | undefined; created_at?: string | undefined; deleted_at?: string | null | undefined; empresa_id: string; id?: string | undefined; is_admin?: boolean | undefined; is_owner?: boolean | undefined; papel_base: "aluno" | ... 1 more ... | "usuario"; papel_id?: string | ... 1 more ... | undefined; update...'.
  Overload 2 of 2, '(values: { ativo?: boolean | undefined; created_at?: string | undefined; deleted_at?: string | null | undefined; empresa_id: string; id?: string | undefined; is_admin?: boolean | undefined; ... 4 more ...; usuario_id: string; }[], options?: { ...; } | undefined): PostgrestFilterBuilder<...>', gave the following error.
    Object literal may only specify known properties, and 'empresa_id' does not exist in type '{ ativo?: boolean | undefined; created_at?: string | undefined; deleted_at?: string | null | undefined; empresa_id: string; id?: string | undefined; is_admin?: boolean | undefined; is_owner?: boolean | undefined; papel_base: "aluno" | ... 1 more ... | "usuario"; papel_id?: string | ... 1 more ... | undefined; update...'.
